Microchip MPLAB XC8 Compiler V2.40

Linker command line:

-W-3 \
  --edf=C:\Program Files\Microchip\xc8\v2.40\pic\dat\20220703182018_en.msgs \
  -cn -h+dist/default/production\11_MATRIZ_LEDS-MAX7219.X.production.sym \
  --cmf=dist/default/production\11_MATRIZ_LEDS-MAX7219.X.production.cmf -z \
  -Q18F4550 -oC:\Users\ASUS\AppData\Local\Temp\xcAsbps.4 \
  --defsym=__MPLAB_BUILD=1 --fixupoverflow=error \
  -Mdist/default/production/11_MATRIZ_LEDS-MAX7219.X.production.map \
  --md=C:\Users\ASUS\AppData\Local\Temp\xcAsbps.dat -E1 -ver=XC8 Compiler \
  --acfsm=1493 -ACODE=00h-07FFFh -ACONST=00h-07FFFh \
  -ASMALLCONST=0800h-08FFhx120 -AMEDIUMCONST=0800h-07FFFh -ACOMRAM=01h-05Fh \
  -AABS1=00h-07FFh -ABIGRAM=01h-07FFh -ARAM=060h-0FFh,0100h-01FFhx7 \
  -ABANK0=060h-0FFh -ABANK1=0100h-01FFh -ABANK2=0200h-02FFh \
  -ABANK3=0300h-03FFh -ABANK4=0400h-04FFh -ABANK5=0500h-05FFh \
  -ABANK6=0600h-06FFh -ABANK7=0700h-07FFh -ASFR=0F60h-0FFFh \
  -ABIGSFR=0F60h-0FFFh -ACONFIG=0300000h-030000Dh -AIDLOC=0200000h-0200007h \
  -AEEDATA=0F00000h-0F000FFh -peeprom_data=EEDATA \
  -preset_vec=00h,intcode,intcodelo,powerup,init -pramtop=0800h \
  -psmallconst=SMALLCONST -pmediumconst=MEDIUMCONST -pconst=CONST \
  -AFARRAM=00h-00h \
  -prdata=COMRAM,nvrram=COMRAM,nvbit=COMRAM,rbss=COMRAM,rbit=COMRAM \
  -pfarbss=FARRAM,fardata=FARRAM,nvFARRAM=FARRAM \
  -pintsave_regs=BIGRAM,bigbss=BIGRAM,bigdata=BIGRAM -pbss=RAM \
  -pidata=CODE,irdata=CODE,ibigdata=CODE,ifardata=CODE -prparam=COMRAM \
  C:\Users\ASUS\AppData\Local\Temp\xcAsbps.o \
  dist/default/production\11_MATRIZ_LEDS-MAX7219.X.production.o 

Object code version is 3.11

Machine type is 18F4550



                Name                               Link     Load   Length Selector   Space Scale
C:\Users\ASUS\AppData\Local\Temp\xcAsbps.o
                idloc                            200000   200000        8        0       5
                config                           300000   300000        E        0       4
                init                                  0        0        4        0       0
dist/default/production\11_MATRIZ_LEDS-MAX7219.X.production.o
                idloc                            200000   200000        8        0       5
                config                           300000   300000        E        0       4
                mediumconst                        7CF6     7CF6      30A     3E7B       0
                text6                              7BFA     7BFA       58     3DFD       0
                text5                              7B32     7B32        E     3D99       0
                text4                              7B82     7B82       2E     3DC1       0
                text3                              7BB0     7BB0       4A     3DD8       0
                text2                              7B28     7B28        A     3D94       0
                text1                              7B5E     7B5E       24     3DAF       0
                text0                              7C52     7C52       A4     3E29       0
                cstackCOMRAM                          1        1       11        1       1
                dataCOMRAM                           13       13        1        1       1
                bssCOMRAM                            12       12        1        1       1
                cinit                              7B40     7B40       1E     3DA0       0
                idataCOMRAM                        7B27     7B27        1     7B27       0

TOTAL           Name                               Link     Load   Length     Space
        CLASS   CODE           
                init                                  0        0        4         0
                text6                              7BFA     7BFA       58         0
                text5                              7B32     7B32        E         0
                text4                              7B82     7B82       2E         0
                text3                              7BB0     7BB0       4A         0
                text2                              7B28     7B28        A         0
                text1                              7B5E     7B5E       24         0
                text0                              7C52     7C52       A4         0
                cinit                              7B40     7B40       1E         0
                idataCOMRAM                        7B27     7B27        1         0

        CLASS   CONST          

        CLASS   SMALLCONST     

        CLASS   MEDIUMCONST    
                mediumconst                        7CF6     7CF6      30A         0

        CLASS   COMRAM         
                cstackCOMRAM                          1        1       11         1
                dataCOMRAM                           13       13        1         1
                bssCOMRAM                            12       12        1         1

        CLASS   ABS1           

        CLASS   BIGRAM         

        CLASS   RAM            

        CLASS   BANK0          

        CLASS   BANK1          

        CLASS   BANK2          

        CLASS   BANK3          

        CLASS   BANK4          

        CLASS   BANK5          

        CLASS   BANK6          

        CLASS   BANK7          

        CLASS   SFR            

        CLASS   BIGSFR         

        CLASS   CONFIG         
                config                           300000   300000        E         4

        CLASS   IDLOC          
                idloc                            200000   200000        8         5

        CLASS   EEDATA         

        CLASS   FARRAM         

        CLASS   HEAP           

        CLASS   STACK          



SEGMENTS        Name                           Load    Length   Top    Selector   Space  Class

                reset_vec                      000000  000004  000004         0       0  CODE    
                cstackCOMRAM                   000001  000013  000014         1       1  COMRAM  
                idataCOMRAM                    007B27  000001  007B28      7B27       0  CODE    
                text2                          007B28  00000A  007B32      3D94       0  CODE    
                text5                          007B32  00000E  007B40      3D99       0  CODE    
                cinit                          007B40  00001E  007B5E      3DA0       0  CODE    
                text1                          007B5E  000024  007B82      3DAF       0  CODE    
                text4                          007B82  00002E  007BB0      3DC1       0  CODE    
                text3                          007BB0  00004A  007BFA      3DD8       0  CODE    
                text6                          007BFA  000058  007C52      3DFD       0  CODE    
                text0                          007C52  0000A4  007CF6      3E29       0  CODE    
                mediumconst                    007CF6  00030A  008000      3E7B       0  MEDIUMCO


UNUSED ADDRESS RANGES

        Name                Unused          Largest block    Delta
        BANK0            000060-0000FF               A0
        BANK1            000100-0001FF              100
        BANK2            000200-0002FF              100
        BANK3            000300-0003FF              100
        BANK4            000400-0004FF              100
        BANK5            000500-0005FF              100
        BANK6            000600-0006FF              100
        BANK7            000700-0007FF              100
        BIGRAM           000014-0007FF              7EC
        BIGSFR           000F60-000FFF               A0
        CODE             000004-007B26             7B23
        COMRAM           000014-00005F               4C
        CONST            000004-007B26             7B23
        EEDATA           F00000-F000FF              100
        MEDIUMCONST      000800-007B26             7327
        RAM              000060-0007FF              100
        SFR              000F60-000FFF               A0
        SMALLCONST       000800-007B26              100

                                  Symbol Table

MAX7219_Config@matrices  cstackCOMRAM 00000A
MAX7219_Init@n_matrices  cstackCOMRAM 00000B
MAX7219_Tx@dato          cstackCOMRAM 000007
MAX7219_Tx@dir           cstackCOMRAM 000009
MAX7219_Tx@matrices      cstackCOMRAM 000008
SPI_SOFT_TX@cmd          cstackCOMRAM 000005
SPI_SOFT_TX@j            cstackCOMRAM 000006
_ADCON1                  (abs)        000FC1
_MAX7219_Config          text3        007BB0
_MAX7219_Init            text1        007B5E
_MAX7219_No_OP           text5        007B32
_MAX7219_Tx              text4        007B82
_PORTDbits               (abs)        000F83
_SPI_SOFT_INIT           text2        007B28
_SPI_SOFT_TX             text6        007BFA
_TRISDbits               (abs)        000F95
__HRAM                   (abs)        000000
__Habs1                  abs1         000000
__Hbank0                 bank0        000000
__Hbank1                 bank1        000000
__Hbank2                 bank2        000000
__Hbank3                 bank3        000000
__Hbank4                 bank4        000000
__Hbank5                 bank5        000000
__Hbank6                 bank6        000000
__Hbank7                 bank7        000000
__Hbigbss                bigbss       000000
__Hbigdata               bigdata      000000
__Hbigram                bigram       000000
__Hbigsfr                bigsfr       000000
__Hbss                   bss          000000
__HbssCOMRAM             bssCOMRAM    000000
__Hcinit                 cinit        000000
__Hclrtext               clrtext      000000
__Hcomram                comram       000000
__Hconfig                config       30000E
__Hconst                 const        000000
__HcstackCOMRAM          cstackCOMRAM 000000
__Hdata                  data         000000
__HdataCOMRAM            dataCOMRAM   000000
__Heeprom_data           eeprom_data  000000
__Hfarbss                farbss       000000
__Hfardata               fardata      000000
__Hheap                  heap         000000
__Hibigdata              ibigdata     000000
__Hidata                 idata        000000
__HidataCOMRAM           idataCOMRAM  000000
__Hidloc                 idloc        200008
__Hifardata              ifardata     000000
__Hinit                  init         000004
__Hintcode               intcode      000000
__Hintcode_body          intcode_body 000000
__Hintcodelo             intcodelo    000000
__Hintentry              intentry     000000
__Hintret                intret       000000
__Hintsave_regs          intsave_regs 000000
__Hirdata                irdata       000000
__Hmediumconst           mediumconst  008000
__HnvFARRAM              nvFARRAM     000000
__Hnvbit                 nvbit        000000
__Hnvrram                nvrram       000000
__Hparam                 rparam       000000
__Hpowerup               powerup      000000
__Hram                   ram          000000
__Hramtop                ramtop       000800
__Hrbit                  rbit         000000
__Hrbss                  rbss         000000
__Hrdata                 rdata        000000
__Hreset_vec             reset_vec    000000
__Hrparam                rparam       000000
__Hsfr                   sfr          000000
__Hsmallconst            smallconst   000000
__Hspace_0               (abs)        008000
__Hspace_1               (abs)        000014
__Hspace_2               (abs)        000000
__Hspace_4               (abs)        60000E
__Hstack                 stack        000000
__Hstruct                struct       000000
__Htemp                  temp         000000
__Htext                  text         000000
__Htext0                 text0        000000
__Htext1                 text1        000000
__Htext2                 text2        000000
__Htext3                 text3        000000
__Htext4                 text4        000000
__Htext5                 text5        000000
__Htext6                 text6        000000
__LRAM                   (abs)        000001
__Labs1                  abs1         000000
__Lbank0                 bank0        000000
__Lbank1                 bank1        000000
__Lbank2                 bank2        000000
__Lbank3                 bank3        000000
__Lbank4                 bank4        000000
__Lbank5                 bank5        000000
__Lbank6                 bank6        000000
__Lbank7                 bank7        000000
__Lbigbss                bigbss       000000
__Lbigdata               bigdata      000000
__Lbigram                bigram       000000
__Lbigsfr                bigsfr       000000
__Lbss                   bss          000000
__LbssCOMRAM             bssCOMRAM    000000
__Lcinit                 cinit        000000
__Lclrtext               clrtext      000000
__Lcomram                comram       000000
__Lconfig                config       000000
__Lconst                 const        000000
__LcstackCOMRAM          cstackCOMRAM 000000
__Ldata                  data         000000
__LdataCOMRAM            dataCOMRAM   000000
__Leeprom_data           eeprom_data  000000
__Lfarbss                farbss       000000
__Lfardata               fardata      000000
__Lheap                  heap         000000
__Libigdata              ibigdata     000000
__Lidata                 idata        000000
__LidataCOMRAM           idataCOMRAM  000000
__Lidloc                 idloc        000000
__Lifardata              ifardata     000000
__Linit                  init         000000
__Lintcode               intcode      000000
__Lintcode_body          intcode_body 000000
__Lintcodelo             intcodelo    000000
__Lintentry              intentry     000000
__Lintret                intret       000000
__Lintsave_regs          intsave_regs 000000
__Lirdata                irdata       000000
__Lmediumconst           mediumconst  007CF6
__LnvFARRAM              nvFARRAM     000000
__Lnvbit                 nvbit        000000
__Lnvrram                nvrram       000000
__Lparam                 rparam       000000
__Lpowerup               powerup      000000
__Lram                   ram          000000
__Lramtop                ramtop       000800
__Lrbit                  rbit         000000
__Lrbss                  rbss         000000
__Lrdata                 rdata        000000
__Lreset_vec             reset_vec    000000
__Lrparam                rparam       000000
__Lsfr                   sfr          000000
__Lsmallconst            smallconst   000000
__Lspace_0               (abs)        000000
__Lspace_1               (abs)        000000
__Lspace_2               (abs)        000000
__Lspace_4               (abs)        000000
__Lstack                 stack        000000
__Lstruct                struct       000000
__Ltemp                  temp         000000
__Ltext                  text         000000
__Ltext0                 text0        000000
__Ltext1                 text1        000000
__Ltext2                 text2        000000
__Ltext3                 text3        000000
__Ltext4                 text4        000000
__Ltext5                 text5        000000
__Ltext6                 text6        000000
__S0                     (abs)        008000
__S1                     (abs)        000014
__S4                     (abs)        000000
__S5                     (abs)        000000
___heap_hi               (abs)        000000
___heap_lo               (abs)        000000
___inthi_sp              stack        000000
___intlo_sp              stack        000000
___param_bank            (abs)        000000
___rparam_used           (abs)        000001
___sp                    stack        000000
__accesstop              (abs)        000060
__activetblptr           (abs)        000002
__end_of_MAX7219_Config  text3        007BFA
__end_of_MAX7219_Init    text1        007B82
__end_of_MAX7219_No_OP   text5        007B40
__end_of_MAX7219_Tx      text4        007BB0
__end_of_SPI_SOFT_INIT   text2        007B32
__end_of_SPI_SOFT_TX     text6        007C52
__end_of__initialization cinit        007B54
__end_of_main            text0        007CF6
__end_of_symbol          mediumconst  007FFF
__initialization         cinit        007B40
__mediumconst            mediumconst  007CF6
__pbssCOMRAM             bssCOMRAM    000012
__pcinit                 cinit        007B40
__pcstackCOMRAM          cstackCOMRAM 000001
__pdataCOMRAM            dataCOMRAM   000013
__pidataCOMRAM           idataCOMRAM  007B27
__pmediumconst           mediumconst  007CF6
__ptext0                 text0        007C52
__ptext1                 text1        007B5E
__ptext2                 text2        007B28
__ptext3                 text3        007BB0
__ptext4                 text4        007B82
__ptext5                 text5        007B32
__ptext6                 text6        007BFA
__ramtop                 ramtop       000800
__smallconst             smallconst   000000
_i                       bssCOMRAM    000012
_main                    text0        007C52
_n_matrices              dataCOMRAM   000013
_symbol                  mediumconst  007CF7
end_of_initialization    cinit        007B54
intlevel0                text         000000
intlevel1                text         000000
intlevel2                text         000000
intlevel3                text         000000
isa$std                  (abs)        000001
isa$xinst                (abs)        000000
main@j                   cstackCOMRAM 000010
stackhi                  (abs)        000000
stacklo                  (abs)        000000
start                    init         000000
start_initialization     cinit        007B40


MODULE INFORMATION

Module		Function		Class		Link	Load	Size
shared
		_symbol        		MEDIUMCONST    	7CF7	0000	776
		__initialization		CODE           	7B40	0000	20

shared estimated size: 796

MAX7219_LIB.c
		_MAX7219_Tx    		CODE           	7B82	0000	46
		_MAX7219_Init  		CODE           	7B5E	0000	36
		_MAX7219_No_OP 		CODE           	7B32	0000	14
		_MAX7219_Config		CODE           	7BB0	0000	74

MAX7219_LIB.c estimated size: 170

SPI_SOFT_LIB.c
		_SPI_SOFT_TX   		CODE           	7BFA	0000	88
		_SPI_SOFT_INIT 		CODE           	7B28	0000	10

SPI_SOFT_LIB.c estimated size: 98

main.c
		_main          		CODE           	7C52	0000	164

main.c estimated size: 164

