Microchip MPLAB XC8 Compiler V2.40

Linker command line:

-W-3 \
  --edf=C:\Program Files\Microchip\xc8\v2.40\pic\dat\20220703182018_en.msgs \
  -cn -h+dist/default/debug\detector_cruce_por_cero.X.debug.sym \
  --cmf=dist/default/debug\detector_cruce_por_cero.X.debug.cmf -z -Q18F4550 \
  -oC:\Users\ASUS\AppData\Local\Temp\xcAsfvs.4 --defsym=__MPLAB_BUILD=1 \
  --fixupoverflow=error \
  -Mdist/default/debug/detector_cruce_por_cero.X.debug.map \
  --md=C:\Users\ASUS\AppData\Local\Temp\xcAsfvs.dat -E1 -ver=XC8 Compiler \
  --acfsm=1493 -ACODE=00h-07FFFh -ACONST=00h-07FFFh \
  -ASMALLCONST=0800h-08FFhx120 -AMEDIUMCONST=0800h-07FFFh -ACOMRAM=01h-05Fh \
  -AABS1=00h-07FFh -ABIGRAM=01h-07FFh -ARAM=060h-0FFh,0100h-01FFhx7 \
  -ABANK0=060h-0FFh -ABANK1=0100h-01FFh -ABANK2=0200h-02FFh \
  -ABANK3=0300h-03FFh -ABANK4=0400h-04FFh -ABANK5=0500h-05FFh \
  -ABANK6=0600h-06FFh -ABANK7=0700h-07FFh -ASFR=0F60h-0FFFh \
  -ABIGSFR=0F60h-0FFFh -ACONFIG=0300000h-030000Dh -AIDLOC=0200000h-0200007h \
  -AEEDATA=0F00000h-0F000FFh -peeprom_data=EEDATA \
  -preset_vec=00h,intcode=08h,intcodelo,powerup,init -pramtop=0800h \
  -psmallconst=SMALLCONST -pmediumconst=MEDIUMCONST -pconst=CONST \
  -AFARRAM=00h-00h \
  -prdata=COMRAM,nvrram=COMRAM,nvbit=COMRAM,rbss=COMRAM,rbit=COMRAM \
  -pfarbss=FARRAM,fardata=FARRAM,nvFARRAM=FARRAM \
  -pintsave_regs=BIGRAM,bigbss=BIGRAM,bigdata=BIGRAM -pbss=RAM \
  -pidata=CODE,irdata=CODE,ibigdata=CODE,ifardata=CODE -prparam=COMRAM \
  C:\Users\ASUS\AppData\Local\Temp\xcAsfvs.o \
  dist/default/debug\detector_cruce_por_cero.X.debug.o 

Object code version is 3.11

Machine type is 18F4550



                Name                               Link     Load   Length Selector   Space Scale
C:\Users\ASUS\AppData\Local\Temp\xcAsfvs.o
                idloc                            200000   200000        8        0       5
                config                           300000   300000        E        0       4
                init                                  E        E        4        4       0
                reset_vec                             0        0        4        0       0
dist/default/debug\detector_cruce_por_cero.X.debug.o
                intcode                               8        8        6        4       0
                idloc                            200000   200000        8        0       5
                config                           300000   300000        E        0       4
                temp                                 5E       5E        1        1       1
                smallconst                          800      800        6      400       0
                intcode_body                       1A62     1A62       42      403       0
                text11                             1B06     1B06       22      403       0
                text10                             1A1C     1A1C       46      403       0
                text9                              17CC     17CC      106      403       0
                text8                              149E     149E      1B4      403       0
                text7                              18D2     18D2      104      403       0
                text6                               CC6      CC6      42A      403       0
                text5                              1AA4     1AA4       38      403       0
                text4                               806      806      4C0      403       0
                text3                              19D6     19D6       46      403       0
                text2                              10F0     10F0      3AE      403       0
                text1                              1B28     1B28       18      403       0
                text0                              1652     1652      17A      403       0
                cstackCOMRAM                          1        1       50        1       1
                bssBANK0                             60       60       18       60       1
                bssCOMRAM                            51       51        7        1       1
                cinit                              1ADC     1ADC       2A      403       0
                nvCOMRAM                             58       58        6        1       1

TOTAL           Name                               Link     Load   Length     Space
        CLASS   CODE           
                intcode                               8        8        6         0
                init                                  E        E        4         0
                reset_vec                             0        0        4         0
                intcode_body                       1A62     1A62       42         0
                text11                             1B06     1B06       22         0
                text10                             1A1C     1A1C       46         0
                text9                              17CC     17CC      106         0
                text8                              149E     149E      1B4         0
                text7                              18D2     18D2      104         0
                text6                               CC6      CC6      42A         0
                text5                              1AA4     1AA4       38         0
                text4                               806      806      4C0         0
                text3                              19D6     19D6       46         0
                text2                              10F0     10F0      3AE         0
                text1                              1B28     1B28       18         0
                text0                              1652     1652      17A         0
                cinit                              1ADC     1ADC       2A         0

        CLASS   CONST          

        CLASS   SMALLCONST     
                smallconst                          800      800        6         0

        CLASS   MEDIUMCONST    

        CLASS   COMRAM         
                temp                                 5E       5E        1         1
                cstackCOMRAM                          1        1       50         1
                bssCOMRAM                            51       51        7         1
                nvCOMRAM                             58       58        6         1

        CLASS   ABS1           

        CLASS   BIGRAM         

        CLASS   RAM            

        CLASS   BANK0          
                bssBANK0                             60       60       18         1

        CLASS   BANK1          

        CLASS   BANK2          

        CLASS   BANK3          

        CLASS   BANK4          

        CLASS   BANK5          

        CLASS   BANK6          

        CLASS   BANK7          

        CLASS   SFR            

        CLASS   BIGSFR         

        CLASS   CONFIG         
                config                           300000   300000        E         4

        CLASS   IDLOC          
                idloc                            200000   200000        8         5

        CLASS   EEDATA         

        CLASS   FARRAM         

        CLASS   HEAP           

        CLASS   STACK          



SEGMENTS        Name                           Load    Length   Top    Selector   Space  Class

                reset_vec                      000000  000004  000004         0       0  CODE    
                cstackCOMRAM                   000001  00005E  00005F         1       1  COMRAM  
                intcode                        000008  00000A  000012         4       0  CODE    
                bssBANK0                       000060  000018  000078        60       1  BANK0   
                smallconst                     000800  000006  000806       400       0  SMALLCON
                text4                          000806  00133A  001B40       403       0  CODE    


UNUSED ADDRESS RANGES

        Name                Unused          Largest block    Delta
        BANK0            000078-0000FF               88
        BANK1            000100-0001FF              100
        BANK2            000200-0002FF              100
        BANK3            000300-0003FF              100
        BANK4            000400-0004FF              100
        BANK5            000500-0005FF              100
        BANK6            000600-0006FF              100
        BANK7            000700-0007FF              100
        BIGRAM           00005F-00005F                1
                         000078-0007FF              788
        BIGSFR           000F60-000FFF               A0
        CODE             000004-000007                4
                         000012-0007FF              7EE
                         001B40-007FFF             64C0
        COMRAM           00005F-00005F                1
        CONST            000004-000007                4
                         000012-0007FF              7EE
                         001B40-007FFF             64C0
        EEDATA           F00000-F000FF              100
        MEDIUMCONST      001B40-007FFF             64C0
        RAM              000078-0007FF              100
        SFR              000F60-000FFF               A0
        SMALLCONST       001B40-007FFF              100

                                  Symbol Table

?_ADC_Read               cstackCOMRAM 000001
?___fladd                cstackCOMRAM 000001
?___flmul                cstackCOMRAM 00000F
?___flneg                cstackCOMRAM 000001
?___flsub                cstackCOMRAM 000011
?___fltol                cstackCOMRAM 000042
?___xxtofl               cstackCOMRAM 000001
?_roundf                 cstackCOMRAM 000028
ADC_Init@kTad            cstackCOMRAM 000001
ADC_Init@kTosc           cstackCOMRAM 000003
ADC_Read@miCanal         cstackCOMRAM 000007
ADC_Read@miConver        cstackCOMRAM 000005
_ADCON0bits              (abs)        000FC2
_ADCON1                  (abs)        000FC1
_ADCON2bits              (abs)        000FC0
_ADC_Init                text11       001B06
_ADC_Read                text10       001A1C
_ADRESH                  (abs)        000FC4
_ADRESL                  (abs)        000FC3
_CREN                    (abs)        007D5C
_INTCON2bits             (abs)        000FF1
_INTCONbits              (abs)        000FF2
_LATDbits                (abs)        000F8C
_PIE1bits                (abs)        000F9D
_PIR1bits                (abs)        000F9E
_PR2                     (abs)        000FCB
_RCREG                   (abs)        000FAE
_RCSTA                   (abs)        000FAB
_RCSTAbits               (abs)        000FAB
_SPBRG                   (abs)        000FAF
_T2CONbits               (abs)        000FCA
_TRISBbits               (abs)        000F93
_TRISCbits               (abs)        000F94
_TRISDbits               (abs)        000F95
_TXREG                   (abs)        000FAD
_TXSTA                   (abs)        000FAC
_TXSTAbits               (abs)        000FAC
__HRAM                   (abs)        000000
__Habs1                  abs1         000000
__Hbank0                 bank0        000000
__Hbank1                 bank1        000000
__Hbank2                 bank2        000000
__Hbank3                 bank3        000000
__Hbank4                 bank4        000000
__Hbank5                 bank5        000000
__Hbank6                 bank6        000000
__Hbank7                 bank7        000000
__Hbigbss                bigbss       000000
__Hbigdata               bigdata      000000
__Hbigram                bigram       000000
__Hbigsfr                bigsfr       000000
__Hbss                   bss          000000
__HbssBANK0              bssBANK0     000000
__HbssCOMRAM             bssCOMRAM    000000
__Hcinit                 cinit        000000
__Hclrtext               clrtext      000000
__Hcomram                comram       000000
__Hconfig                config       30000E
__Hconst                 const        000000
__HcstackCOMRAM          cstackCOMRAM 000000
__Hdata                  data         000000
__Heeprom_data           eeprom_data  000000
__Hfarbss                farbss       000000
__Hfardata               fardata      000000
__Hheap                  heap         000000
__Hibigdata              ibigdata     000000
__Hidata                 idata        000000
__Hidloc                 idloc        200008
__Hifardata              ifardata     000000
__Hinit                  init         000012
__Hintcode               intcode      00000E
__Hintcode_body          intcode_body 000000
__Hintcodelo             intcodelo    00000E
__Hintentry              intentry     000000
__Hintret                intret       000000
__Hintsave_regs          intsave_regs 000000
__Hirdata                irdata       000000
__Hmediumconst           mediumconst  000000
__HnvCOMRAM              nvCOMRAM     000000
__HnvFARRAM              nvFARRAM     000000
__Hnvbit                 nvbit        000000
__Hnvrram                nvrram       000000
__Hparam                 rparam       000000
__Hpowerup               powerup      00000E
__Hram                   ram          000000
__Hramtop                ramtop       000800
__Hrbit                  rbit         000000
__Hrbss                  rbss         000000
__Hrdata                 rdata        000000
__Hreset_vec             reset_vec    000004
__Hrparam                rparam       000000
__Hsfr                   sfr          000000
__Hsmallconst            smallconst   000806
__Hspace_0               (abs)        001B40
__Hspace_1               (abs)        000078
__Hspace_2               (abs)        000000
__Hspace_4               (abs)        60000E
__Hstack                 stack        000000
__Hstruct                struct       000000
__Htemp                  temp         00005F
__Htext                  text         000000
__Htext0                 text0        000000
__Htext1                 text1        000000
__Htext10                text10       000000
__Htext11                text11       000000
__Htext2                 text2        000000
__Htext3                 text3        000000
__Htext4                 text4        000000
__Htext5                 text5        000000
__Htext6                 text6        000000
__Htext7                 text7        000000
__Htext8                 text8        000000
__Htext9                 text9        000000
__LRAM                   (abs)        000001
__Labs1                  abs1         000000
__Lbank0                 bank0        000000
__Lbank1                 bank1        000000
__Lbank2                 bank2        000000
__Lbank3                 bank3        000000
__Lbank4                 bank4        000000
__Lbank5                 bank5        000000
__Lbank6                 bank6        000000
__Lbank7                 bank7        000000
__Lbigbss                bigbss       000000
__Lbigdata               bigdata      000000
__Lbigram                bigram       000000
__Lbigsfr                bigsfr       000000
__Lbss                   bss          000000
__LbssBANK0              bssBANK0     000000
__LbssCOMRAM             bssCOMRAM    000000
__Lcinit                 cinit        000000
__Lclrtext               clrtext      000000
__Lcomram                comram       000000
__Lconfig                config       000000
__Lconst                 const        000000
__LcstackCOMRAM          cstackCOMRAM 000000
__Ldata                  data         000000
__Leeprom_data           eeprom_data  000000
__Lfarbss                farbss       000000
__Lfardata               fardata      000000
__Lheap                  heap         000000
__Libigdata              ibigdata     000000
__Lidata                 idata        000000
__Lidloc                 idloc        000000
__Lifardata              ifardata     000000
__Linit                  init         00000E
__Lintcode               intcode      000008
__Lintcode_body          intcode_body 000000
__Lintcodelo             intcodelo    00000E
__Lintentry              intentry     000000
__Lintret                intret       000000
__Lintsave_regs          intsave_regs 000000
__Lirdata                irdata       000000
__Lmediumconst           mediumconst  000000
__LnvCOMRAM              nvCOMRAM     000000
__LnvFARRAM              nvFARRAM     000000
__Lnvbit                 nvbit        000000
__Lnvrram                nvrram       000000
__Lparam                 rparam       000000
__Lpowerup               powerup      00000E
__Lram                   ram          000000
__Lramtop                ramtop       000800
__Lrbit                  rbit         000000
__Lrbss                  rbss         000000
__Lrdata                 rdata        000000
__Lreset_vec             reset_vec    000000
__Lrparam                rparam       000000
__Lsfr                   sfr          000000
__Lsmallconst            smallconst   000800
__Lspace_0               (abs)        000000
__Lspace_1               (abs)        000000
__Lspace_2               (abs)        000000
__Lspace_4               (abs)        000000
__Lstack                 stack        000000
__Lstruct                struct       000000
__Ltemp                  temp         00005E
__Ltext                  text         000000
__Ltext0                 text0        000000
__Ltext1                 text1        000000
__Ltext10                text10       000000
__Ltext11                text11       000000
__Ltext2                 text2        000000
__Ltext3                 text3        000000
__Ltext4                 text4        000000
__Ltext5                 text5        000000
__Ltext6                 text6        000000
__Ltext7                 text7        000000
__Ltext8                 text8        000000
__Ltext9                 text9        000000
__S0                     (abs)        001B40
__S1                     (abs)        000078
__S4                     (abs)        000000
__S5                     (abs)        000000
___fladd                 text4        000806
___fladd@a               cstackCOMRAM 000005
___fladd@aexp            cstackCOMRAM 00000E
___fladd@b               cstackCOMRAM 000001
___fladd@bexp            cstackCOMRAM 00000F
___fladd@grs             cstackCOMRAM 000010
___fladd@signs           cstackCOMRAM 00000D
___flge                  text7        0018D2
___flge@ff1              cstackCOMRAM 000001
___flge@ff2              cstackCOMRAM 000005
___flmul                 text6        000CC6
___flmul@a               cstackCOMRAM 000013
___flmul@aexp            cstackCOMRAM 000020
___flmul@b               cstackCOMRAM 00000F
___flmul@bexp            cstackCOMRAM 000021
___flmul@grs             cstackCOMRAM 00001C
___flmul@prod            cstackCOMRAM 000022
___flmul@sign            cstackCOMRAM 00001B
___flmul@temp            cstackCOMRAM 000026
___flneg                 text5        001AA4
___flneg@f1              cstackCOMRAM 000001
___flsub                 text3        0019D6
___flsub@a               cstackCOMRAM 000015
___flsub@b               cstackCOMRAM 000011
___fltol                 text9        0017CC
___fltol@exp1            cstackCOMRAM 00004B
___fltol@f1              cstackCOMRAM 000042
___fltol@sign1           cstackCOMRAM 00004A
___heap_hi               (abs)        000000
___heap_lo               (abs)        000000
___inthi_sp              stack        000000
___intlo_sp              stack        000000
___param_bank            (abs)        000000
___rparam_used           (abs)        000001
___sp                    stack        000000
___xxtofl                text8        00149E
___xxtofl@arg            cstackCOMRAM 00000B
___xxtofl@exp            cstackCOMRAM 00000A
___xxtofl@sign           cstackCOMRAM 000009
___xxtofl@val            cstackCOMRAM 000001
__accesstop              (abs)        000060
__activetblptr           (abs)        000001
__end_of_ADC_Init        text11       001B28
__end_of_ADC_Read        text10       001A62
__end_of___fladd         text4        000CC6
__end_of___flge          text7        0019D6
__end_of___flmul         text6        0010F0
__end_of___flneg         text5        001ADC
__end_of___flsub         text3        001A1C
__end_of___fltol         text9        0018D2
__end_of___xxtofl        text8        001652
__end_of__initialization cinit        001AF4
__end_of_interrupts      intcode_body 001AA4
__end_of_main            text0        0017CC
__end_of_roundf          text2        00149E
__end_of_tmr2_init       text1        001B40
__end_of_toint           smallconst   000805
__initialization         cinit        001ADC
__mediumconst            mediumconst  000000
__pbssBANK0              bssBANK0     000060
__pbssCOMRAM             bssCOMRAM    000051
__pcinit                 cinit        001ADC
__pcstackCOMRAM          cstackCOMRAM 000001
__pintcode               intcode      000008
__pintcode_body          intcode_body 001A62
__pnvCOMRAM              nvCOMRAM     000058
__psmallconst            smallconst   000800
__ptext0                 text0        001652
__ptext1                 text1        001B28
__ptext10                text10       001A1C
__ptext11                text11       001B06
__ptext2                 text2        0010F0
__ptext3                 text3        0019D6
__ptext4                 text4        000806
__ptext5                 text5        001AA4
__ptext6                 text6        000CC6
__ptext7                 text7        0018D2
__ptext8                 text8        00149E
__ptext9                 text9        0017CC
__ramtop                 ramtop       000800
__smallconst             smallconst   000800
_adcValue                nvCOMRAM     00005C
_angulo                  bssCOMRAM    000055
_buffer                  bssBANK0     000060
_cargaTimer              bssCOMRAM    000051
_interrupts              intcode      000008
_main                    text0        001652
_main$1372               cstackCOMRAM 00004D
_roundf                  text2        0010F0
_roundf$1373             cstackCOMRAM 000036
_roundf$1374             cstackCOMRAM 000030
_tiempo                  bssCOMRAM    000053
_tmr2_init               text1        001B28
_trigger                 bssCOMRAM    000057
_valorAnguloDisparo      nvCOMRAM     000058
btemp                    temp         00005E
end_of_initialization    cinit        001AF4
int$flags                temp         00005E
int_func                 intcode_body 001A62
intlevel0                text         000000
intlevel1                text         000000
intlevel2                text         000000
intlevel3                text         000000
isa$std                  (abs)        000001
isa$xinst                (abs)        000000
roundf@F527              bssBANK0     000074
roundf@e                 cstackCOMRAM 000034
roundf@u                 cstackCOMRAM 00003A
roundf@x                 cstackCOMRAM 000028
roundf@y                 cstackCOMRAM 00003E
stackhi                  (abs)        000000
stacklo                  (abs)        000000
start                    init         00000E
start_initialization     cinit        001ADC
ttemp5                   temp         00005F
ttemp6                   temp         000062
ttemp7                   temp         000066
wtemp8                   temp         00005F


MODULE INFORMATION

Module		Function		Class		Link	Load	Size
C:\Program Files\Microchip\xc8\v2.40\pic\sources\c99\common\sprcmul.c
		___flmul       		CODE           	0CC6	0000	1066

C:\Program Files\Microchip\xc8\v2.40\pic\sources\c99\common\sprcmul.c estimated size: 1066

./ADC_LIB.h
		_ADC_Read      		CODE           	1A1C	0000	70
		_ADC_Init      		CODE           	1B06	0000	34

./ADC_LIB.h estimated size: 104

C:\Program Files\Microchip\xc8\v2.40\pic\sources\c99\common\fltol.c
		___fltol       		CODE           	17CC	0000	262

C:\Program Files\Microchip\xc8\v2.40\pic\sources\c99\common\fltol.c estimated size: 262

C:\Program Files\Microchip\xc8\v2.40\pic\sources\c99\common\sprcadd.c
		___flsub       		CODE           	19D6	0000	70
		___fladd       		CODE           	0806	0000	1216

C:\Program Files\Microchip\xc8\v2.40\pic\sources\c99\common\sprcadd.c estimated size: 1286

C:\Program Files\Microchip\xc8\v2.40\pic\sources\c99\common\roundf.c
		_roundf        		CODE           	10F0	0000	942

C:\Program Files\Microchip\xc8\v2.40\pic\sources\c99\common\roundf.c estimated size: 942

C:\Program Files\Microchip\xc8\v2.40\pic\sources\c99\common\flneg.c
		___flneg       		CODE           	1AA4	0000	56

C:\Program Files\Microchip\xc8\v2.40\pic\sources\c99\common\flneg.c estimated size: 56

C:\Program Files\Microchip\xc8\v2.40\pic\sources\c99\common\xxtofl.c
		___xxtofl      		CODE           	149E	0000	436

C:\Program Files\Microchip\xc8\v2.40\pic\sources\c99\common\xxtofl.c estimated size: 436

shared
		__initialization		CODE           	1ADC	0000	24
		_toint         		SMALLCONST     	0000	0000	0

shared estimated size: 24

C:\Program Files\Microchip\xc8\v2.40\pic\sources\c99\common\flge.c
		___flge        		CODE           	18D2	0000	260

C:\Program Files\Microchip\xc8\v2.40\pic\sources\c99\common\flge.c estimated size: 260

main.c
		_tmr2_init     		CODE           	1B28	0000	24
		_main          		CODE           	1652	0000	378
		_interrupts    		CODE           	0008	0000	72

main.c estimated size: 474

