Microchip MPLAB XC8 Compiler V2.40

Linker command line:

-W-3 \
  --edf=C:\Program Files\Microchip\xc8\v2.40\pic\dat\20220703182018_en.msgs \
  -cn -h+dist/default/debug\MODULO_CCP_CAPTURA.X.debug.sym \
  --cmf=dist/default/debug\MODULO_CCP_CAPTURA.X.debug.cmf -z -Q18F4550 \
  -oC:\Users\ASUS\AppData\Local\Temp\xcAse74.4 --defsym=__MPLAB_BUILD=1 \
  --fixupoverflow=error -Mdist/default/debug/MODULO_CCP_CAPTURA.X.debug.map \
  --md=C:\Users\ASUS\AppData\Local\Temp\xcAse74.dat -E1 -ver=XC8 Compiler \
  --acfsm=1493 -ACODE=00h-07FFFh -ACONST=00h-07FFFh \
  -ASMALLCONST=0800h-08FFhx120 -AMEDIUMCONST=0800h-07FFFh -ACOMRAM=01h-05Fh \
  -AABS1=00h-07FFh -ABIGRAM=01h-07FFh -ARAM=060h-0FFh,0100h-01FFhx7 \
  -ABANK0=060h-0FFh -ABANK1=0100h-01FFh -ABANK2=0200h-02FFh \
  -ABANK3=0300h-03FFh -ABANK4=0400h-04FFh -ABANK5=0500h-05FFh \
  -ABANK6=0600h-06FFh -ABANK7=0700h-07FFh -ASFR=0F60h-0FFFh \
  -ABIGSFR=0F60h-0FFFh -ACONFIG=0300000h-030000Dh -AIDLOC=0200000h-0200007h \
  -AEEDATA=0F00000h-0F000FFh -peeprom_data=EEDATA \
  -preset_vec=00h,intcode=08h,intcodelo,powerup,init -pramtop=0800h \
  -psmallconst=SMALLCONST -pmediumconst=MEDIUMCONST -pconst=CONST \
  -AFARRAM=00h-00h \
  -prdata=COMRAM,nvrram=COMRAM,nvbit=COMRAM,rbss=COMRAM,rbit=COMRAM \
  -pfarbss=FARRAM,fardata=FARRAM,nvFARRAM=FARRAM \
  -pintsave_regs=BIGRAM,bigbss=BIGRAM,bigdata=BIGRAM -pbss=RAM \
  -pidata=CODE,irdata=CODE,ibigdata=CODE,ifardata=CODE -prparam=COMRAM \
  C:\Users\ASUS\AppData\Local\Temp\xcAse74.o \
  dist/default/debug\MODULO_CCP_CAPTURA.X.debug.o 

Object code version is 3.11

Machine type is 18F4550



                Name                               Link     Load   Length Selector   Space Scale
C:\Users\ASUS\AppData\Local\Temp\xcAse74.o
                idloc                            200000   200000        8        0       5
                config                           300000   300000        E        0       4
                init                                  E        E        4        4       0
                reset_vec                             0        0        4        0       0
dist/default/debug\MODULO_CCP_CAPTURA.X.debug.o
                intcode                               8        8        6        4       0
                idloc                            200000   200000        8        0       5
                config                           300000   300000        E        0       4
                temp                                 46       46        1        1       1
                smallconst                          800      800       26      400       0
                text34                             270C     270C      1B4      413       0
                text33                             1B16     1B16      42A      413       0
                intcode_body                       2FB2     2FB2       82      413       0
                text31                             28C0     28C0      132      413       0
                text30                             2DCC     2DCC       B0      413       0
                text29                             347C     347C       12      413       0
                text28                             346A     346A       12      413       0
                text27                             2F28     2F28       8A      413       0
                text26                             30B2     30B2       70      413       0
                text25                             3498     3498        A      413       0
                text24                             348E     348E        A      413       0
                text23                             3458     3458       12      413       0
                text22                             1F40     1F40      39C      413       0
                text21                             2E7C     2E7C       AC      413       0
                text20                             2AFA     2AFA      106      413       0
                text19                             16EA     16EA      42C      413       0
                text18                             340A     340A       3A      413       0
                text17                             1228     1228      4C2      413       0
                text16                             3380     3380       48      413       0
                text15                             29F2     29F2      108      413       0
                text14                             2C00     2C00      100      413       0
                text13                             24F6     24F6      216      413       0
                text12                             3122     3122       68      413       0
                text11                             32E6     32E6       52      413       0
                text10                             34A6     34A6        2      413       0
                text9                              2D00     2D00       CC      413       0
                text8                              3338     3338       48      413       0
                text7                              3034     3034       7E      413       0
                text6                              33C8     33C8       42      413       0
                text5                               826      826      A02      413       0
                text4                              22DC     22DC      21A      413       0
                text3                              3294     3294       52      413       0
                text2                              3242     3242       52      413       0
                text1                              34A2     34A2        4      413       0
                text0                              318A     318A       66      413       0
                cstackCOMRAM                          1        1       2B        1       1
                cstackBANK0                          60       60       92       60       1
                bssBANK1                            100      100       50      100       1
                bssBANK0                             F2       F2        D       60       1
                dataCOMRAM                           2C       2C       14        1       1
                bssCOMRAM                            40       40        6        1       1
                cinit                              31F0     31F0       52      413       0
                idataCOMRAM                        3444     3444       14      413       0

TOTAL           Name                               Link     Load   Length     Space
        CLASS   CODE           
                intcode                               8        8        6         0
                init                                  E        E        4         0
                reset_vec                             0        0        4         0
                text34                             270C     270C      1B4         0
                text33                             1B16     1B16      42A         0
                intcode_body                       2FB2     2FB2       82         0
                text31                             28C0     28C0      132         0
                text30                             2DCC     2DCC       B0         0
                text29                             347C     347C       12         0
                text28                             346A     346A       12         0
                text27                             2F28     2F28       8A         0
                text26                             30B2     30B2       70         0
                text25                             3498     3498        A         0
                text24                             348E     348E        A         0
                text23                             3458     3458       12         0
                text22                             1F40     1F40      39C         0
                text21                             2E7C     2E7C       AC         0
                text20                             2AFA     2AFA      106         0
                text19                             16EA     16EA      42C         0
                text18                             340A     340A       3A         0
                text17                             1228     1228      4C2         0
                text16                             3380     3380       48         0
                text15                             29F2     29F2      108         0
                text14                             2C00     2C00      100         0
                text13                             24F6     24F6      216         0
                text12                             3122     3122       68         0
                text11                             32E6     32E6       52         0
                text10                             34A6     34A6        2         0
                text9                              2D00     2D00       CC         0
                text8                              3338     3338       48         0
                text7                              3034     3034       7E         0
                text6                              33C8     33C8       42         0
                text5                               826      826      A02         0
                text4                              22DC     22DC      21A         0
                text3                              3294     3294       52         0
                text2                              3242     3242       52         0
                text1                              34A2     34A2        4         0
                text0                              318A     318A       66         0
                cinit                              31F0     31F0       52         0
                idataCOMRAM                        3444     3444       14         0

        CLASS   CONST          

        CLASS   SMALLCONST     
                smallconst                          800      800       26         0

        CLASS   MEDIUMCONST    

        CLASS   COMRAM         
                temp                                 46       46        1         1
                cstackCOMRAM                          1        1       2B         1
                dataCOMRAM                           2C       2C       14         1
                bssCOMRAM                            40       40        6         1

        CLASS   ABS1           

        CLASS   BIGRAM         

        CLASS   RAM            

        CLASS   BANK0          
                cstackBANK0                          60       60       92         1
                bssBANK0                             F2       F2        D         1

        CLASS   BANK1          
                bssBANK1                            100      100       50         1

        CLASS   BANK2          

        CLASS   BANK3          

        CLASS   BANK4          

        CLASS   BANK5          

        CLASS   BANK6          

        CLASS   BANK7          

        CLASS   SFR            

        CLASS   BIGSFR         

        CLASS   CONFIG         
                config                           300000   300000        E         4

        CLASS   IDLOC          
                idloc                            200000   200000        8         5

        CLASS   EEDATA         

        CLASS   FARRAM         

        CLASS   HEAP           

        CLASS   STACK          



SEGMENTS        Name                           Load    Length   Top    Selector   Space  Class

                reset_vec                      000000  000004  000004         0       0  CODE    
                cstackCOMRAM                   000001  000046  000047         1       1  COMRAM  
                intcode                        000008  00000A  000012         4       0  CODE    
                cstackBANK0                    000060  00009F  0000FF        60       1  BANK0   
                bssBANK1                       000100  000050  000150       100       1  BANK1   
                smallconst                     000800  000026  000826       400       0  SMALLCON
                text5                          000826  002C82  0034A8       413       0  CODE    


UNUSED ADDRESS RANGES

        Name                Unused          Largest block    Delta
        BANK0            0000FF-0000FF                1
        BANK1            000150-0001FF               B0
        BANK2            000200-0002FF              100
        BANK3            000300-0003FF              100
        BANK4            000400-0004FF              100
        BANK5            000500-0005FF              100
        BANK6            000600-0006FF              100
        BANK7            000700-0007FF              100
        BIGRAM           000047-00005F               19
                         0000FF-0000FF                1
                         000150-0007FF              6B0
        BIGSFR           000F60-000FFF               A0
        CODE             000004-000007                4
                         000012-0007FF              7EE
                         0034A8-007FFF             4B58
        COMRAM           000047-00005F               19
        CONST            000004-000007                4
                         000012-0007FF              7EE
                         0034A8-007FFF             4B58
        EEDATA           F00000-F000FF              100
        MEDIUMCONST      0034A8-007FFF             4B58
        RAM              0000FF-0000FF                1
                         000150-0007FF              100
        SFR              000F60-000FFF               A0
        SMALLCONST       0034A8-007FFF              100

                                  Symbol Table

?___fladd                 cstackBANK0  000060
?___fldiv                 cstackBANK0  000060
?___flmul                 cstackBANK0  000060
?___flneg                 cstackBANK0  000060
?___flsub                 cstackBANK0  000079
?___fltol                 cstackBANK0  000060
?___fpclassifyf           cstackBANK0  000060
?___xxtofl                cstackCOMRAM 000001
?_floorf                  cstackBANK0  000079
?_labs                    cstackBANK0  000060
?_sprintf                 cstackBANK0  0000DD
?_vfprintf                cstackBANK0  0000D5
?i2___flmul               cstackCOMRAM 00000F
LCD_Chr_Cp@letra          cstackBANK0  000063
LCD_Cmd@cmd               cstackBANK0  000063
LCD_Out@column            cstackBANK0  000068
LCD_Out@row               cstackBANK0  00006B
LCD_Out@text              cstackBANK0  000069
LCD_XY@column             cstackBANK0  000064
LCD_XY@row                cstackBANK0  000067
_ADCON1                   (abs)        000FC1
_CCP1CONbits              (abs)        000FBD
_CCPR1H                   (abs)        000FBF
_CCPR1L                   (abs)        000FBE
_INTCONbits               (abs)        000FF2
_LATDbits                 (abs)        000F8C
_LCD_Chr_Cp               text29       00347C
_LCD_Cmd                  text28       00346A
_LCD_Init                 text30       002DCC
_LCD_Out                  text26       0030B2
_LCD_XY                   text27       002F28
_PIE1bits                 (abs)        000F9D
_PIR1bits                 (abs)        000F9E
_T1CONbits                (abs)        000FCD
_TMR1H                    (abs)        000FCF
_TMR1L                    (abs)        000FCE
_TRISC                    (abs)        000F94
_TRISDbits                (abs)        000F95
__HRAM                    (abs)        000000
__Habs1                   abs1         000000
__Hbank0                  bank0        000000
__Hbank1                  bank1        000000
__Hbank2                  bank2        000000
__Hbank3                  bank3        000000
__Hbank4                  bank4        000000
__Hbank5                  bank5        000000
__Hbank6                  bank6        000000
__Hbank7                  bank7        000000
__Hbigbss                 bigbss       000000
__Hbigdata                bigdata      000000
__Hbigram                 bigram       000000
__Hbigsfr                 bigsfr       000000
__Hbss                    bss          000000
__HbssBANK0               bssBANK0     000000
__HbssBANK1               bssBANK1     000000
__HbssCOMRAM              bssCOMRAM    000000
__Hcinit                  cinit        000000
__Hclrtext                clrtext      000000
__Hcomram                 comram       000000
__Hconfig                 config       30000E
__Hconst                  const        000000
__HcstackBANK0            cstackBANK0  000000
__HcstackCOMRAM           cstackCOMRAM 000000
__Hdata                   data         000000
__HdataCOMRAM             dataCOMRAM   000000
__Heeprom_data            eeprom_data  000000
__Hfarbss                 farbss       000000
__Hfardata                fardata      000000
__Hheap                   heap         000000
__Hibigdata               ibigdata     000000
__Hidata                  idata        000000
__HidataCOMRAM            idataCOMRAM  000000
__Hidloc                  idloc        200008
__Hifardata               ifardata     000000
__Hinit                   init         000012
__Hintcode                intcode      00000E
__Hintcode_body           intcode_body 000000
__Hintcodelo              intcodelo    00000E
__Hintentry               intentry     000000
__Hintret                 intret       000000
__Hintsave_regs           intsave_regs 000000
__Hirdata                 irdata       000000
__Hmediumconst            mediumconst  000000
__HnvFARRAM               nvFARRAM     000000
__Hnvbit                  nvbit        000000
__Hnvrram                 nvrram       000000
__Hparam                  rparam       000000
__Hpowerup                powerup      00000E
__Hram                    ram          000000
__Hramtop                 ramtop       000800
__Hrbit                   rbit         000000
__Hrbss                   rbss         000000
__Hrdata                  rdata        000000
__Hreset_vec              reset_vec    000004
__Hrparam                 rparam       000000
__Hsfr                    sfr          000000
__Hsmallconst             smallconst   000826
__Hspace_0                (abs)        0034A8
__Hspace_1                (abs)        000150
__Hspace_2                (abs)        000000
__Hspace_4                (abs)        60000E
__Hstack                  stack        000000
__Hstruct                 struct       000000
__Htemp                   temp         000047
__Htext                   text         000000
__Htext0                  text0        000000
__Htext1                  text1        000000
__Htext10                 text10       000000
__Htext11                 text11       000000
__Htext12                 text12       000000
__Htext13                 text13       000000
__Htext14                 text14       000000
__Htext15                 text15       000000
__Htext16                 text16       000000
__Htext17                 text17       000000
__Htext18                 text18       000000
__Htext19                 text19       000000
__Htext2                  text2        000000
__Htext20                 text20       000000
__Htext21                 text21       000000
__Htext22                 text22       000000
__Htext23                 text23       000000
__Htext24                 text24       000000
__Htext25                 text25       000000
__Htext26                 text26       000000
__Htext27                 text27       000000
__Htext28                 text28       000000
__Htext29                 text29       000000
__Htext3                  text3        000000
__Htext30                 text30       000000
__Htext31                 text31       000000
__Htext33                 text33       000000
__Htext34                 text34       000000
__Htext4                  text4        000000
__Htext5                  text5        000000
__Htext6                  text6        000000
__Htext7                  text7        000000
__Htext8                  text8        000000
__Htext9                  text9        000000
__LRAM                    (abs)        000001
__Labs1                   abs1         000000
__Lbank0                  bank0        000000
__Lbank1                  bank1        000000
__Lbank2                  bank2        000000
__Lbank3                  bank3        000000
__Lbank4                  bank4        000000
__Lbank5                  bank5        000000
__Lbank6                  bank6        000000
__Lbank7                  bank7        000000
__Lbigbss                 bigbss       000000
__Lbigdata                bigdata      000000
__Lbigram                 bigram       000000
__Lbigsfr                 bigsfr       000000
__Lbss                    bss          000000
__LbssBANK0               bssBANK0     000000
__LbssBANK1               bssBANK1     000000
__LbssCOMRAM              bssCOMRAM    000000
__Lcinit                  cinit        000000
__Lclrtext                clrtext      000000
__Lcomram                 comram       000000
__Lconfig                 config       000000
__Lconst                  const        000000
__LcstackBANK0            cstackBANK0  000000
__LcstackCOMRAM           cstackCOMRAM 000000
__Ldata                   data         000000
__LdataCOMRAM             dataCOMRAM   000000
__Leeprom_data            eeprom_data  000000
__Lfarbss                 farbss       000000
__Lfardata                fardata      000000
__Lheap                   heap         000000
__Libigdata               ibigdata     000000
__Lidata                  idata        000000
__LidataCOMRAM            idataCOMRAM  000000
__Lidloc                  idloc        000000
__Lifardata               ifardata     000000
__Linit                   init         00000E
__Lintcode                intcode      000008
__Lintcode_body           intcode_body 000000
__Lintcodelo              intcodelo    00000E
__Lintentry               intentry     000000
__Lintret                 intret       000000
__Lintsave_regs           intsave_regs 000000
__Lirdata                 irdata       000000
__Lmediumconst            mediumconst  000000
__LnvFARRAM               nvFARRAM     000000
__Lnvbit                  nvbit        000000
__Lnvrram                 nvrram       000000
__Lparam                  rparam       000000
__Lpowerup                powerup      00000E
__Lram                    ram          000000
__Lramtop                 ramtop       000800
__Lrbit                   rbit         000000
__Lrbss                   rbss         000000
__Lrdata                  rdata        000000
__Lreset_vec              reset_vec    000000
__Lrparam                 rparam       000000
__Lsfr                    sfr          000000
__Lsmallconst             smallconst   000800
__Lspace_0                (abs)        000000
__Lspace_1                (abs)        000000
__Lspace_2                (abs)        000000
__Lspace_4                (abs)        000000
__Lstack                  stack        000000
__Lstruct                 struct       000000
__Ltemp                   temp         000046
__Ltext                   text         000000
__Ltext0                  text0        000000
__Ltext1                  text1        000000
__Ltext10                 text10       000000
__Ltext11                 text11       000000
__Ltext12                 text12       000000
__Ltext13                 text13       000000
__Ltext14                 text14       000000
__Ltext15                 text15       000000
__Ltext16                 text16       000000
__Ltext17                 text17       000000
__Ltext18                 text18       000000
__Ltext19                 text19       000000
__Ltext2                  text2        000000
__Ltext20                 text20       000000
__Ltext21                 text21       000000
__Ltext22                 text22       000000
__Ltext23                 text23       000000
__Ltext24                 text24       000000
__Ltext25                 text25       000000
__Ltext26                 text26       000000
__Ltext27                 text27       000000
__Ltext28                 text28       000000
__Ltext29                 text29       000000
__Ltext3                  text3        000000
__Ltext30                 text30       000000
__Ltext31                 text31       000000
__Ltext33                 text33       000000
__Ltext34                 text34       000000
__Ltext4                  text4        000000
__Ltext5                  text5        000000
__Ltext6                  text6        000000
__Ltext7                  text7        000000
__Ltext8                  text8        000000
__Ltext9                  text9        000000
__S0                      (abs)        0034A8
__S1                      (abs)        000150
__S4                      (abs)        000000
__S5                      (abs)        000000
___fladd                  text17       001228
___fladd@a                cstackBANK0  000064
___fladd@aexp             cstackBANK0  00006D
___fladd@b                cstackBANK0  000060
___fladd@bexp             cstackBANK0  00006E
___fladd@grs              cstackBANK0  00006F
___fladd@signs            cstackBANK0  00006C
___fldiv                  text22       001F40
___fldiv@a                cstackBANK0  000064
___fldiv@aexp             cstackBANK0  000078
___fldiv@b                cstackBANK0  000060
___fldiv@bexp             cstackBANK0  000077
___fldiv@grs              cstackBANK0  000073
___fldiv@new_exp          cstackBANK0  000071
___fldiv@rem              cstackBANK0  00006C
___fldiv@sign             cstackBANK0  000070
___fleq                   text21       002E7C
___fleq@ff1               cstackBANK0  000060
___fleq@ff2               cstackBANK0  000064
___flge                   text20       002AFA
___flge@ff1               cstackBANK0  000079
___flge@ff2               cstackBANK0  00007D
___flmul                  text19       0016EA
___flmul@a                cstackBANK0  000064
___flmul@aexp             cstackBANK0  00006D
___flmul@b                cstackBANK0  000060
___flmul@bexp             cstackBANK0  000072
___flmul@grs              cstackBANK0  00006E
___flmul@prod             cstackBANK0  000073
___flmul@sign             cstackBANK0  00006C
___flmul@temp             cstackBANK0  000077
___flneg                  text18       00340A
___flneg@f1               cstackBANK0  000060
___flsub                  text16       003380
___flsub@a                cstackBANK0  00007D
___flsub@b                cstackBANK0  000079
___fltol                  text15       0029F2
___fltol@exp1             cstackBANK0  000069
___fltol@f1               cstackBANK0  000060
___fltol@sign1            cstackBANK0  000068
___fpclassifyf            text14       002C00
___fpclassifyf@F465       bssCOMRAM    000040
___fpclassifyf@e          cstackBANK0  000068
___fpclassifyf@u          cstackBANK0  00006A
___fpclassifyf@x          cstackBANK0  000060
___heap_hi                (abs)        000000
___heap_lo                (abs)        000000
___inthi_sp               stack        000000
___intlo_sp               stack        000000
___param_bank             (abs)        000000
___rparam_used            (abs)        000001
___sp                     stack        000000
___xxtofl                 text34       00270C
___xxtofl@arg             cstackCOMRAM 00000B
___xxtofl@exp             cstackCOMRAM 00000A
___xxtofl@sign            cstackCOMRAM 000009
___xxtofl@val             cstackCOMRAM 000001
__accesstop               (abs)        000060
__activetblptr            (abs)        000002
__end_of_LCD_Chr_Cp       text29       00348E
__end_of_LCD_Cmd          text28       00347C
__end_of_LCD_Init         text30       002E7C
__end_of_LCD_Out          text26       003122
__end_of_LCD_XY           text27       002FB2
__end_of___fladd          text17       0016EA
__end_of___fldiv          text22       0022DC
__end_of___fleq           text21       002F28
__end_of___flge           text20       002C00
__end_of___flmul          text19       001B16
__end_of___flneg          text18       003444
__end_of___flsub          text16       0033C8
__end_of___fltol          text15       002AFA
__end_of___fpclassifyf    text14       002D00
__end_of___xxtofl         text34       0028C0
__end_of__initialization  cinit        003234
__end_of_captura          intcode_body 003034
__end_of_ccp1_config      text25       0034A2
__end_of_config_interrups text24       003498
__end_of_config_timer1    text23       00346A
__end_of_efgtoa           text5        001228
__end_of_enviar_dato      text31       0029F2
__end_of_floorf           text13       00270C
__end_of_fputc            text9        002DCC
__end_of_fputs            text8        003380
__end_of_labs             text12       00318A
__end_of_main             text0        0031F0
__end_of_memcpy           text11       003338
__end_of_pad              text7        0030B2
__end_of_putch            text10       0034A8
__end_of_sprintf          text2        003294
__end_of_strcpy           text6        00340A
__end_of_timer1_init      text1        0034A6
__end_of_vfpfcnvrt        text4        0024F6
__end_of_vfprintf         text3        0032E6
__end_ofi2___flmul        text33       001F40
__initialization          cinit        0031F0
__mediumconst             mediumconst  000000
__pbssBANK0               bssBANK0     0000F2
__pbssBANK1               bssBANK1     000100
__pbssCOMRAM              bssCOMRAM    000040
__pcinit                  cinit        0031F0
__pcstackBANK0            cstackBANK0  000060
__pcstackCOMRAM           cstackCOMRAM 000001
__pdataCOMRAM             dataCOMRAM   00002C
__pidataCOMRAM            idataCOMRAM  003444
__pintcode                intcode      000008
__pintcode_body           intcode_body 002FB2
__psmallconst             smallconst   000800
__ptext0                  text0        00318A
__ptext1                  text1        0034A2
__ptext10                 text10       0034A6
__ptext11                 text11       0032E6
__ptext12                 text12       003122
__ptext13                 text13       0024F6
__ptext14                 text14       002C00
__ptext15                 text15       0029F2
__ptext16                 text16       003380
__ptext17                 text17       001228
__ptext18                 text18       00340A
__ptext19                 text19       0016EA
__ptext2                  text2        003242
__ptext20                 text20       002AFA
__ptext21                 text21       002E7C
__ptext22                 text22       001F40
__ptext23                 text23       003458
__ptext24                 text24       00348E
__ptext25                 text25       003498
__ptext26                 text26       0030B2
__ptext27                 text27       002F28
__ptext28                 text28       00346A
__ptext29                 text29       00347C
__ptext3                  text3        003294
__ptext30                 text30       002DCC
__ptext31                 text31       0028C0
__ptext33                 text33       001B16
__ptext34                 text34       00270C
__ptext4                  text4        0022DC
__ptext5                  text5        000826
__ptext6                  text6        0033C8
__ptext7                  text7        003034
__ptext8                  text8        003338
__ptext9                  text9        002D00
__ramtop                  ramtop       000800
__smallconst              smallconst   000800
_aux                      dataCOMRAM   00002C
_captura                  intcode      000008
_ccp1_config              text25       003498
_config_interrups         text24       00348E
_config_timer1            text23       003458
_dbuf                     bssBANK1     000100
_efgtoa                   text5        000826
_efgtoa$1019              cstackBANK0  00009C
_enviar_dato              text31       0028C0
_flags                    bssBANK0     0000FE
_floorf                   text13       0024F6
_fputc                    text9        002D00
_fputs                    text8        003338
_labs                     text12       003122
_main                     text0        00318A
_memcpy                   text11       0032E6
_pad                      text7        003034
_pasos                    bssCOMRAM    000044
_periodo                  bssBANK0     0000F6
_prec                     bssBANK0     0000FC
_putch                    text10       0034A6
_sprintf                  text2        003242
_strcpy                   text6        0033C8
_timer1_init              text1        0034A2
_vfpfcnvrt                text4        0022DC
_vfprintf                 text3        003294
_width                    bssBANK0     0000FA
btemp                     temp         000046
efgtoa@c                  cstackBANK0  000093
efgtoa@d                  cstackBANK0  0000A1
efgtoa@e                  cstackBANK0  0000A5
efgtoa@f                  cstackBANK0  00008F
efgtoa@fp                 cstackBANK0  00008D
efgtoa@g                  cstackBANK0  0000B8
efgtoa@h                  cstackBANK0  0000AF
efgtoa@i                  cstackBANK0  0000AD
efgtoa@l                  cstackBANK0  0000B3
efgtoa@m                  cstackBANK0  0000A3
efgtoa@mode               cstackBANK0  00009F
efgtoa@n                  cstackBANK0  0000BC
efgtoa@ne                 cstackBANK0  000096
efgtoa@nmode              cstackBANK0  0000A0
efgtoa@ou                 cstackBANK0  0000A9
efgtoa@p                  cstackBANK0  000098
efgtoa@pp                 cstackBANK0  00009E
efgtoa@sign               cstackBANK0  0000B7
efgtoa@t                  cstackBANK0  00009A
efgtoa@u                  cstackBANK0  0000BE
efgtoa@w                  cstackBANK0  0000A7
end_of_initialization     cinit        003234
enviar_dato@cmd           cstackBANK0  000062
floorf@F526               bssBANK0     0000F2
floorf@e                  cstackBANK0  000087
floorf@m                  cstackBANK0  000083
floorf@u                  cstackBANK0  000089
floorf@x                  cstackBANK0  000079
fputc@c                   cstackBANK0  000060
fputc@fp                  cstackBANK0  000062
fputs@c                   cstackBANK0  00006D
fputs@fp                  cstackBANK0  00006B
fputs@i                   cstackBANK0  00006E
fputs@s                   cstackBANK0  000069
i2___flmul                text33       001B16
i2___flmul@a              cstackCOMRAM 000013
i2___flmul@aexp           cstackCOMRAM 000020
i2___flmul@b              cstackCOMRAM 00000F
i2___flmul@bexp           cstackCOMRAM 000021
i2___flmul@grs            cstackCOMRAM 00001C
i2___flmul@prod           cstackCOMRAM 000022
i2___flmul@sign           cstackCOMRAM 00001B
i2___flmul@temp           cstackCOMRAM 000026
int$flags                 temp         000046
int_func                  intcode_body 002FB2
intlevel0                 text         000000
intlevel1                 text         000000
intlevel2                 text         000000
intlevel3                 text         000000
isa$std                   (abs)        000001
isa$xinst                 (abs)        000000
labs@a                    cstackBANK0  000060
memcpy@d                  cstackBANK0  000067
memcpy@d1                 cstackBANK0  000060
memcpy@n                  cstackBANK0  000064
memcpy@s                  cstackBANK0  000069
memcpy@s1                 cstackBANK0  000062
memcpy@tmp                cstackBANK0  000066
pad@buf                   cstackBANK0  000072
pad@fp                    cstackBANK0  000070
pad@i                     cstackBANK0  000077
pad@p                     cstackBANK0  000074
pad@w                     cstackBANK0  000079
sprintf@ap                cstackBANK0  0000E5
sprintf@f                 cstackBANK0  0000E7
sprintf@fmt               cstackBANK0  0000DF
sprintf@s                 cstackBANK0  0000DD
stackhi                   (abs)        000000
stacklo                   (abs)        000000
start                     init         00000E
start_initialization      cinit        0031F0
strcpy@d                  cstackBANK0  000066
strcpy@dest               cstackBANK0  000060
strcpy@s                  cstackBANK0  000064
strcpy@src                cstackBANK0  000062
ttemp5                    temp         000047
ttemp6                    temp         00004A
ttemp7                    temp         00004E
vfpfcnvrt@ap              cstackBANK0  0000C6
vfpfcnvrt@c               cstackBANK0  0000D2
vfpfcnvrt@convarg         cstackBANK0  0000CA
vfpfcnvrt@cp              cstackBANK0  0000D3
vfpfcnvrt@fmt             cstackBANK0  0000C4
vfpfcnvrt@fp              cstackBANK0  0000C2
vfprintf@ap               cstackBANK0  0000D9
vfprintf@cfmt             cstackBANK0  0000DB
vfprintf@fmt              cstackBANK0  0000D7
vfprintf@fp               cstackBANK0  0000D5
wtemp8                    temp         000047


MODULE INFORMATION

Module		Function		Class		Link	Load	Size
C:\Program Files\Microchip\xc8\v2.40\pic\sources\c99\common\sprcmul.c
		___flmul       		CODE           	16EA	0000	1068

C:\Program Files\Microchip\xc8\v2.40\pic\sources\c99\common\sprcmul.c estimated size: 1068

C:\Program Files\Microchip\xc8\v2.40\pic\sources\c99\common\nf_fputc.c
		_fputc         		CODE           	2D00	0000	204

C:\Program Files\Microchip\xc8\v2.40\pic\sources\c99\common\nf_fputc.c estimated size: 204

LIBRERIA_LCD.c
		_LCD_Init      		CODE           	2DCC	0000	176
		_LCD_Out       		CODE           	30B2	0000	112
		_LCD_Chr_Cp    		CODE           	347C	0000	18
		_LCD_XY        		CODE           	2F28	0000	138
		_LCD_Cmd       		CODE           	346A	0000	18
		_enviar_dato   		CODE           	28C0	0000	306

LIBRERIA_LCD.c estimated size: 768

C:\Program Files\Microchip\xc8\v2.40\pic\sources\c99\common\sprcdiv.c
		___fldiv       		CODE           	1F40	0000	924

C:\Program Files\Microchip\xc8\v2.40\pic\sources\c99\common\sprcdiv.c estimated size: 924

C:\Program Files\Microchip\xc8\v2.40\pic\sources\c99\common\nf_sprintf.c
		_sprintf       		CODE           	3242	0000	82

C:\Program Files\Microchip\xc8\v2.40\pic\sources\c99\common\nf_sprintf.c estimated size: 82

C:\Program Files\Microchip\xc8\v2.40\pic\sources\c99\common\memcpy.c
		_memcpy        		CODE           	32E6	0000	82

C:\Program Files\Microchip\xc8\v2.40\pic\sources\c99\common\memcpy.c estimated size: 82

C:\Program Files\Microchip\xc8\v2.40\pic\sources\c99\common\fltol.c
		___fltol       		CODE           	29F2	0000	264

C:\Program Files\Microchip\xc8\v2.40\pic\sources\c99\common\fltol.c estimated size: 264

C:\Program Files\Microchip\xc8\v2.40\pic\sources\c99\common\fleq.c
		___fleq        		CODE           	2E7C	0000	172

C:\Program Files\Microchip\xc8\v2.40\pic\sources\c99\common\fleq.c estimated size: 172

C:\Program Files\Microchip\xc8\v2.40\pic\sources\c99\common\__fpclassifyf.c
		___fpclassifyf 		CODE           	2C00	0000	256

C:\Program Files\Microchip\xc8\v2.40\pic\sources\c99\common\__fpclassifyf.c estimated size: 256

C:\Program Files\Microchip\xc8\v2.40\pic\sources\c99\common\sprcadd.c
		___flsub       		CODE           	3380	0000	72
		___fladd       		CODE           	1228	0000	1218

C:\Program Files\Microchip\xc8\v2.40\pic\sources\c99\common\sprcadd.c estimated size: 1290

C:\Program Files\Microchip\xc8\v2.40\pic\sources\c99\common\floorf.c
		_floorf        		CODE           	24F6	0000	534

C:\Program Files\Microchip\xc8\v2.40\pic\sources\c99\common\floorf.c estimated size: 534

C:\Program Files\Microchip\xc8\v2.40\pic\sources\c99\common\flneg.c
		___flneg       		CODE           	340A	0000	58

C:\Program Files\Microchip\xc8\v2.40\pic\sources\c99\common\flneg.c estimated size: 58

C:\Program Files\Microchip\xc8\v2.40\pic\sources\c99\common\labs.c
		_labs          		CODE           	3122	0000	104

C:\Program Files\Microchip\xc8\v2.40\pic\sources\c99\common\labs.c estimated size: 104

C:\Program Files\Microchip\xc8\v2.40\pic\sources\c99\common\xxtofl.c
		___xxtofl      		CODE           	270C	0000	436

C:\Program Files\Microchip\xc8\v2.40\pic\sources\c99\common\xxtofl.c estimated size: 436

C:\Program Files\Microchip\xc8\v2.40\pic\sources\c99\common\nf_fputs.c
		_fputs         		CODE           	3338	0000	72

C:\Program Files\Microchip\xc8\v2.40\pic\sources\c99\common\nf_fputs.c estimated size: 72

shared
		__initialization		CODE           	31F0	0000	68
		i2___flmul     		CODE           	1B16	0000	1066

shared estimated size: 1134

C:\Program Files\Microchip\xc8\v2.40\pic\sources\c99\common\strcpy.c
		_strcpy        		CODE           	33C8	0000	66

C:\Program Files\Microchip\xc8\v2.40\pic\sources\c99\common\strcpy.c estimated size: 66

C:\Program Files\Microchip\xc8\v2.40\pic\sources\c99\common\flge.c
		___flge        		CODE           	2AFA	0000	262

C:\Program Files\Microchip\xc8\v2.40\pic\sources\c99\common\flge.c estimated size: 262

C:\Program Files\Microchip\xc8\v2.40\pic\sources\c99\common\putch.c
		_putch         		CODE           	34A6	0000	2

C:\Program Files\Microchip\xc8\v2.40\pic\sources\c99\common\putch.c estimated size: 2

C:\Program Files\Microchip\xc8\v2.40\pic\sources\c99\common\doprnt.c
		_vfpfcnvrt     		CODE           	22DC	0000	538
		_efgtoa        		CODE           	0826	0000	2562
		_pad           		CODE           	3034	0000	126
		_vfprintf      		CODE           	3294	0000	82

C:\Program Files\Microchip\xc8\v2.40\pic\sources\c99\common\doprnt.c estimated size: 3308

main.c
		_captura       		CODE           	0008	0000	136
		_ccp1_config   		CODE           	3498	0000	10
		_config_interrups		CODE           	348E	0000	10
		_main          		CODE           	318A	0000	102
		_timer1_init   		CODE           	34A2	0000	4
		_config_timer1 		CODE           	3458	0000	18

main.c estimated size: 280

